[ppclear.com.br/index.html]
[ppclear.com.br/faviconppkare.png]
[backblue.gif]
[fade.gif]
[index.html]
[connect.facebook.net/en_US/fbevents.js]
[ppclear.com.br/originalHref, window.location.html]
[ppclear.com.br/url, location.html]
[ppclear.com.br/href, window.location.html]
[ppclear.com.br/_astro/index.DnyrJBAr.css]
[ppclear.com.br/BG.png]
[ppclear.com.br/ppclear/carrossel1.webp]
[ppclear.com.br/ppclear/carrossel2.webp]
[ppclear.com.br/ppclear/carrossel3.webp]
[ppclear.com.br/ppclear/carrossel4.webp]
[ppclear.com.br/ppclear/carrossel5.webp]
[ppclear.com.br/ppclear/carrossel6.webp]
[ppclear.com.br/ppclear/carrossel7.webp]
[ppclear.com.br/ppclear/carrossel8.webp]
[ppclear.com.br/ppclear/comprador1.webp]
[ppclear.com.br/ppclear/comprador2.webp]
[ppclear.com.br/ppclear/comprador5.webp]
[ppclear.com.br/ppclear/comprador4.webp]
[ppclear.com.br/ppclear/comprador3.webp]
[ppclear.com.br/ppclear/kit1.webp]
[ppclear.com.br/ppclear/kit3.webp]
[ppclear.com.br/ppclear/kit2.webp]
[ppclear.com.br/selo.webp]
[ppclear.com.br/ppclear/Tuto1.webp]
[ppclear.com.br/ppclear/Tuto3.webp]
[ppclear.com.br/index.html]
[ppclear.com.br/ppclear/Tuto2.webp]
[ppclear.com.br/t.html]
[ppclear.com.br/signals/config/index.html]
[ppclear.com.br/e.html]
[ppclear.com.br/schema.org/index.html]
[ppclear.com.br/signals/plugins/index.html]
[ppclear.com.br/t-2.html]
[ppclear.com.br/o.html]
[ppclear.com.br/signals/iwl.html]
[ppclear.com.br/signals/iwl0fc5.html]
[ppclear.com.br/r.html]
[connect.facebook.net/en_US/fbevents.js]
[ppclear.com.br/originalHref, window.location.html]
[ppclear.com.br/url, location.html]
[ppclear.com.br/href, window.location.html]
[ppclear.com.br/_astro/index.DnyrJBAr.css]
[ppclear.com.br/r-2.html]
[ppclear.com.br/signals/config/originalHref, window.location.html]
[ppclear.com.br/signals/config/url, location.html]
[ppclear.com.br/signals/config/index.html]
[ppclear.com.br/t.html]
[ppclear.com.br/e.html]
[ppclear.com.br/signals/config/href, window.location.html]
[ppclear.com.br/signals/plugins/originalHref, window.location.html]
[ppclear.com.br/signals/plugins/url, location.html]
[ppclear.com.br/signals/plugins/index.html]
[ppclear.com.br/signals/plugins/href, window.location.html]
[ppclear.com.br/schema.org/originalHref, window.location.html]
[ppclear.com.br/schema.org/url, location.html]
[ppclear.com.br/schema.org/index.html]
[ppclear.com.br/t-2.html]
[ppclear.com.br/o.html]
[ppclear.com.br/schema.org/href, window.location.html]
[ppclear.com.br/signals/originalHref, window.location.html]
[ppclear.com.br/signals/url, location.html]
[ppclear.com.br/signals/iwl.html]
[ppclear.com.br/signals/iwl0fc5.html]
[ppclear.com.br/r.html]
[ppclear.com.br/r-2.html]
[ppclear.com.br/signals/config/originalHref, window.location.html]
[ppclear.com.br/signals/config/url, location.html]
[ppclear.com.br/signals/config/href, window.location.html]
[ppclear.com.br/signals/plugins/originalHref, window.location.html]
[ppclear.com.br/signals/plugins/url, location.html]
[ppclear.com.br/signals/plugins/href, window.location.html]
[ppclear.com.br/schema.org/originalHref, window.location.html]
[ppclear.com.br/schema.org/url, location.html]
[ppclear.com.br/schema.org/href, window.location.html]
[ppclear.com.br/signals/originalHref, window.location.html]
[ppclear.com.br/signals/url, location.html]
[ppclear.com.br/signals/href, window.location.html]
[ppclear.com.br/signals/href, window.location.html]
